{"paths":{"css/import.css":"css/import.5f15d96d5cdb.css","css/style.css":"css/style.98718311206c.css","css/style.css.map":"css/style.css.8a80554c91d9.map","img/pix.png":"img/pix.3eaf17869bb5.png"},"version":1}