{"paths":{"css/style.css":"css/style.98718311206c.css","css/style.css.map":"css/style.css.8a80554c91d9.map"},"version":1}